\BOOKMARK [1][-]{section.1}{\376\377\000I\000n\000t\000r\000o\000d\000u\000c\000t\000i\000o\000n}{}% 1
\BOOKMARK [1][-]{section.2}{\376\377\000H\000a\000m\000i\000l\000t\000o\000n\000i\000a\000n\000\040\000a\000n\000d\000\040\000I\000n\000t\000e\000r\000a\000c\000t\000i\000o\000n}{}% 2
\BOOKMARK [2][-]{subsection.2.1}{\376\377\000F\000u\000l\000l\000\040\000S\000y\000s\000t\000e\000m\000\040\000H\000a\000m\000i\000l\000t\000o\000n\000i\000a\000n}{section.2}% 3
\BOOKMARK [2][-]{subsection.2.2}{\376\377\000P\000h\000y\000s\000i\000c\000a\000l\000\040\000I\000n\000t\000e\000r\000p\000r\000e\000t\000a\000t\000i\000o\000n}{section.2}% 4
\BOOKMARK [1][-]{section.3}{\376\377\000D\000i\000a\000g\000r\000a\000m\000m\000a\000t\000i\000c\000\040\000D\000e\000r\000i\000v\000a\000t\000i\000o\000n\000\040\000o\000f\000\040\000S\000e\000l\000f\000-\000E\000n\000e\000r\000g\000y}{}% 5
\BOOKMARK [2][-]{subsection.3.1}{\376\377\000G\000r\000e\000e\000n\000'\000s\000\040\000F\000u\000n\000c\000t\000i\000o\000n\000s\000\040\000a\000n\000d\000\040\000P\000e\000r\000t\000u\000r\000b\000a\000t\000i\000o\000n\000\040\000T\000h\000e\000o\000r\000y}{section.3}% 6
\BOOKMARK [2][-]{subsection.3.2}{\376\377\000F\000e\000y\000n\000m\000a\000n\000\040\000D\000i\000a\000g\000r\000a\000m\000s\000\040\000f\000o\000r\000\040\000S\000e\000l\000f\000-\000E\000n\000e\000r\000g\000y}{section.3}% 7
\BOOKMARK [2][-]{subsection.3.3}{\376\377\000F\000e\000y\000n\000m\000a\000n\000\040\000R\000u\000l\000e\000s}{section.3}% 8
\BOOKMARK [2][-]{subsection.3.4}{\376\377\000F\000i\000r\000s\000t\000-\000O\000r\000d\000e\000r\000\040\000S\000e\000l\000f\000-\000E\000n\000e\000r\000g\000y\000:\000\040\000\050\0001\000\051\000\040\000=\000\040\0000}{section.3}% 9
\BOOKMARK [2][-]{subsection.3.5}{\376\377\000S\000e\000c\000o\000n\000d\000-\000O\000r\000d\000e\000r\000\040\000S\000e\000l\000f\000-\000E\000n\000e\000r\000g\000y\000:\000\040\000\050\0002\000\051\000\050\000k\000,\000\051}{section.3}% 10
\BOOKMARK [2][-]{subsection.3.6}{\376\377\000A\000n\000a\000l\000y\000t\000i\000c\000\040\000E\000x\000p\000r\000e\000s\000s\000i\000o\000n\000\040\000f\000o\000r\000\040\000\050\0002\000\051}{section.3}% 11
\BOOKMARK [2][-]{subsection.3.7}{\376\377\000F\000r\000e\000q\000u\000e\000n\000c\000y\000\040\000I\000n\000t\000e\000g\000r\000a\000t\000i\000o\000n\000\040\000v\000i\000a\000\040\000R\000e\000s\000i\000d\000u\000e\000\040\000T\000h\000e\000o\000r\000e\000m}{section.3}% 12
\BOOKMARK [2][-]{subsection.3.8}{\376\377\000R\000e\000a\000l\000\040\000a\000n\000d\000\040\000I\000m\000a\000g\000i\000n\000a\000r\000y\000\040\000P\000a\000r\000t\000s}{section.3}% 13
\BOOKMARK [2][-]{subsection.3.9}{\376\377\000Q\000u\000a\000s\000i\000p\000a\000r\000t\000i\000c\000l\000e\000\040\000L\000i\000f\000e\000t\000i\000m\000e}{section.3}% 14
\BOOKMARK [1][-]{section.4}{\376\377\000Q\000u\000a\000s\000i\000c\000l\000a\000s\000s\000i\000c\000a\000l\000\040\000A\000p\000p\000r\000o\000x\000i\000m\000a\000t\000i\000o\000n\000:\000\040\000I\000n\000t\000e\000g\000r\000a\000t\000i\000o\000n\000\040\000N\000e\000a\000r\000\040\000F\000e\000r\000m\000i\000\040\000S\000u\000r\000f\000a\000c\000e}{}% 15
\BOOKMARK [2][-]{subsection.4.1}{\376\377\000S\000e\000p\000a\000r\000a\000t\000i\000o\000n\000\040\000o\000f\000\040\000E\000n\000e\000r\000g\000y\000\040\000S\000c\000a\000l\000e\000s}{section.4}% 16
\BOOKMARK [2][-]{subsection.4.2}{\376\377\000Q\000u\000a\000s\000i\000c\000l\000a\000s\000s\000i\000c\000a\000l\000\040\000G\000r\000e\000e\000n\000'\000s\000\040\000F\000u\000n\000c\000t\000i\000o\000n}{section.4}% 17
\BOOKMARK [2][-]{subsection.4.3}{\376\377\000N\000o\000r\000m\000a\000l\000i\000z\000a\000t\000i\000o\000n\000\040\000C\000o\000n\000s\000t\000r\000a\000i\000n\000t}{section.4}% 18
\BOOKMARK [2][-]{subsection.4.4}{\376\377\000Q\000u\000a\000s\000i\000c\000l\000a\000s\000s\000i\000c\000a\000l\000\040\000S\000e\000l\000f\000-\000E\000n\000e\000r\000g\000y}{section.4}% 19
\BOOKMARK [1][-]{section.5}{\376\377\000Q\000u\000a\000s\000i\000c\000l\000a\000s\000s\000i\000c\000a\000l\000\040\000S\000e\000l\000f\000-\000E\000n\000e\000r\000g\000y\000\040\000f\000r\000o\000m\000\040\000E\000l\000e\000c\000t\000r\000o\000n\000-\000P\000h\000o\000n\000o\000n\000\040\000C\000o\000u\000p\000l\000i\000n\000g}{}% 20
\BOOKMARK [2][-]{subsection.5.1}{\376\377\000G\000e\000n\000e\000r\000a\000l\000\040\000S\000t\000r\000u\000c\000t\000u\000r\000e\000\040\000\050\000K\000o\000p\000n\000i\000n\000\040\000C\000h\000.\000\040\0004\000\051}{section.5}% 21
\BOOKMARK [2][-]{subsection.5.2}{\376\377\000E\000l\000i\000a\000s\000h\000b\000e\000r\000g\000\040\000P\000a\000i\000r\000i\000n\000g\000\040\000K\000e\000r\000n\000e\000l}{section.5}% 22
\BOOKMARK [2][-]{subsection.5.3}{\376\377\000I\000s\000o\000t\000r\000o\000p\000i\000c\000\040\000C\000a\000s\000e}{section.5}% 23
\BOOKMARK [2][-]{subsection.5.4}{\376\377\000A\000n\000o\000m\000a\000l\000o\000u\000s\000\040\000S\000e\000l\000f\000-\000E\000n\000e\000r\000g\000y\000\040\000\050\000P\000a\000i\000r\000i\000n\000g\000\051}{section.5}% 24
\BOOKMARK [2][-]{subsection.5.5}{\376\377\000S\000e\000l\000f\000-\000C\000o\000n\000s\000i\000s\000t\000e\000n\000t\000\040\000E\000q\000u\000a\000t\000i\000o\000n\000s}{section.5}% 25
\BOOKMARK [1][-]{section.6}{\376\377\000A\000c\000o\000u\000s\000t\000i\000c\000\040\000P\000h\000o\000n\000o\000n\000s\000:\000\040\000D\000e\000b\000y\000e\000\040\000M\000o\000d\000e\000l}{}% 26
\BOOKMARK [2][-]{subsection.6.1}{\376\377\000P\000h\000o\000n\000o\000n\000\040\000D\000i\000s\000p\000e\000r\000s\000i\000o\000n}{section.6}% 27
\BOOKMARK [2][-]{subsection.6.2}{\376\377\000C\000o\000u\000p\000l\000i\000n\000g\000\040\000C\000o\000n\000s\000t\000a\000n\000t\000:\000\040\000D\000e\000f\000o\000r\000m\000a\000t\000i\000o\000n\000\040\000P\000o\000t\000e\000n\000t\000i\000a\000l}{section.6}% 28
\BOOKMARK [2][-]{subsection.6.3}{\376\377\000E\000l\000i\000a\000s\000h\000b\000e\000r\000g\000\040\000S\000p\000e\000c\000t\000r\000a\000l\000\040\000F\000u\000n\000c\000t\000i\000o\000n}{section.6}% 29
\BOOKMARK [2][-]{subsection.6.4}{\376\377\000P\000a\000i\000r\000i\000n\000g\000\040\000K\000e\000r\000n\000e\000l\000\040\000f\000o\000r\000\040\000D\000e\000b\000y\000e\000\040\000P\000h\000o\000n\000o\000n\000s}{section.6}% 30
\BOOKMARK [2][-]{subsection.6.5}{\376\377\000S\000e\000l\000f\000-\000E\000n\000e\000r\000g\000y\000\040\000f\000o\000r\000\040\000A\000c\000o\000u\000s\000t\000i\000c\000\040\000P\000h\000o\000n\000o\000n\000s}{section.6}% 31
\BOOKMARK [2][-]{subsection.6.6}{\376\377\000M\000a\000s\000s\000\040\000R\000e\000n\000o\000r\000m\000a\000l\000i\000z\000a\000t\000i\000o\000n\000\040\000\050\000A\000c\000o\000u\000s\000t\000i\000c\000\040\000P\000h\000o\000n\000o\000n\000s\000\051}{section.6}% 32
\BOOKMARK [2][-]{subsection.6.7}{\376\377\000I\000m\000a\000g\000i\000n\000a\000r\000y\000\040\000P\000a\000r\000t\000:\000\040\000S\000c\000a\000t\000t\000e\000r\000i\000n\000g\000\040\000R\000a\000t\000e}{section.6}% 33
\BOOKMARK [1][-]{section.7}{\376\377\000O\000p\000t\000i\000c\000a\000l\000\040\000P\000h\000o\000n\000o\000n\000s\000:\000\040\000E\000i\000n\000s\000t\000e\000i\000n\000\040\000M\000o\000d\000e\000l}{}% 34
\BOOKMARK [2][-]{subsection.7.1}{\376\377\000P\000h\000o\000n\000o\000n\000\040\000D\000i\000s\000p\000e\000r\000s\000i\000o\000n}{section.7}% 35
\BOOKMARK [2][-]{subsection.7.2}{\376\377\000C\000o\000u\000p\000l\000i\000n\000g\000:\000\040\000H\000o\000l\000s\000t\000e\000i\000n\000\040\000M\000o\000d\000e\000l}{section.7}% 36
\BOOKMARK [2][-]{subsection.7.3}{\376\377\000E\000l\000i\000a\000s\000h\000b\000e\000r\000g\000\040\000S\000p\000e\000c\000t\000r\000a\000l\000\040\000F\000u\000n\000c\000t\000i\000o\000n}{section.7}% 37
\BOOKMARK [2][-]{subsection.7.4}{\376\377\000P\000a\000i\000r\000i\000n\000g\000\040\000K\000e\000r\000n\000e\000l\000\040\000f\000o\000r\000\040\000E\000i\000n\000s\000t\000e\000i\000n\000\040\000P\000h\000o\000n\000o\000n\000s}{section.7}% 38
\BOOKMARK [2][-]{subsection.7.5}{\376\377\000S\000e\000l\000f\000-\000E\000n\000e\000r\000g\000y\000\040\000f\000o\000r\000\040\000E\000i\000n\000s\000t\000e\000i\000n\000\040\000P\000h\000o\000n\000o\000n\000s}{section.7}% 39
\BOOKMARK [2][-]{subsection.7.6}{\376\377\000M\000a\000s\000s\000\040\000R\000e\000n\000o\000r\000m\000a\000l\000i\000z\000a\000t\000i\000o\000n\000\040\000\050\000E\000i\000n\000s\000t\000e\000i\000n\000\040\000P\000h\000o\000n\000o\000n\000s\000\051}{section.7}% 40
\BOOKMARK [2][-]{subsection.7.7}{\376\377\000P\000o\000l\000a\000r\000o\000n\000\040\000B\000i\000n\000d\000i\000n\000g\000\040\000E\000n\000e\000r\000g\000y}{section.7}% 41
\BOOKMARK [2][-]{subsection.7.8}{\376\377\000I\000m\000a\000g\000i\000n\000a\000r\000y\000\040\000P\000a\000r\000t\000:\000\040\000S\000c\000a\000t\000t\000e\000r\000i\000n\000g\000\040\000R\000a\000t\000e}{section.7}% 42
\BOOKMARK [1][-]{section.8}{\376\377\000O\000p\000t\000i\000c\000a\000l\000\040\000P\000h\000o\000n\000o\000n\000s\000:\000\040\000F\000r\000\366\000h\000l\000i\000c\000h\000\040\000M\000o\000d\000e\000l\000\040\000\050\000P\000o\000l\000a\000r\000\040\000C\000o\000u\000p\000l\000i\000n\000g\000\051}{}% 43
\BOOKMARK [2][-]{subsection.8.1}{\376\377\000L\000o\000n\000g\000-\000R\000a\000n\000g\000e\000\040\000P\000o\000l\000a\000r\000\040\000C\000o\000u\000p\000l\000i\000n\000g}{section.8}% 44
\BOOKMARK [2][-]{subsection.8.2}{\376\377\000E\000l\000i\000a\000s\000h\000b\000e\000r\000g\000\040\000S\000p\000e\000c\000t\000r\000a\000l\000\040\000F\000u\000n\000c\000t\000i\000o\000n}{section.8}% 45
\BOOKMARK [2][-]{subsection.8.3}{\376\377\000P\000a\000i\000r\000i\000n\000g\000\040\000K\000e\000r\000n\000e\000l}{section.8}% 46
\BOOKMARK [2][-]{subsection.8.4}{\376\377\000S\000e\000l\000f\000-\000E\000n\000e\000r\000g\000y\000\040\000f\000o\000r\000\040\000F\000r\000\366\000h\000l\000i\000c\000h\000\040\000C\000o\000u\000p\000l\000i\000n\000g}{section.8}% 47
\BOOKMARK [2][-]{subsection.8.5}{\376\377\000L\000a\000r\000g\000e\000\040\000P\000o\000l\000a\000r\000o\000n\000\040\000R\000e\000g\000i\000m\000e}{section.8}% 48
\BOOKMARK [2][-]{subsection.8.6}{\376\377\000C\000o\000m\000p\000a\000r\000i\000s\000o\000n\000:\000\040\000H\000o\000l\000s\000t\000e\000i\000n\000\040\000v\000s\000\040\000F\000r\000\366\000h\000l\000i\000c\000h}{section.8}% 49
\BOOKMARK [1][-]{section.9}{\376\377\000S\000u\000p\000e\000r\000c\000o\000n\000d\000u\000c\000t\000i\000n\000g\000\040\000S\000t\000a\000t\000e\000:\000\040\000S\000e\000l\000f\000-\000E\000n\000e\000r\000g\000y\000\040\000w\000i\000t\000h\000\040\000P\000a\000i\000r\000i\000n\000g}{}% 50
\BOOKMARK [2][-]{subsection.9.1}{\376\377\000E\000l\000i\000a\000s\000h\000b\000e\000r\000g\000\040\000E\000q\000u\000a\000t\000i\000o\000n\000s}{section.9}% 51
\BOOKMARK [2][-]{subsection.9.2}{\376\377\000M\000a\000s\000s\000\040\000R\000e\000n\000o\000r\000m\000a\000l\000i\000z\000a\000t\000i\000o\000n\000\040\000F\000u\000n\000c\000t\000i\000o\000n}{section.9}% 52
\BOOKMARK [2][-]{subsection.9.3}{\376\377\000G\000a\000p\000\040\000E\000n\000h\000a\000n\000c\000e\000m\000e\000n\000t}{section.9}% 53
\BOOKMARK [1][-]{section.10}{\376\377\000L\000o\000w\000-\000E\000n\000e\000r\000g\000y\000\040\000L\000i\000m\000i\000t\000:\000\040\000T\000D\000G\000L\000\040\000P\000a\000r\000a\000m\000e\000t\000e\000r\000s}{}% 54
\BOOKMARK [2][-]{subsection.10.1}{\376\377\000T\000D\000G\000L\000\040\000E\000q\000u\000a\000t\000i\000o\000n}{section.10}% 55
\BOOKMARK [2][-]{subsection.10.2}{\376\377\000R\000e\000l\000a\000x\000a\000t\000i\000o\000n\000\040\000T\000i\000m\000e\000\040\000G\000L\000\040\000\050\000K\000o\000p\000n\000i\000n\000\040\000C\000h\000.\000\040\0005\000.\0006\000\051}{section.10}% 56
\BOOKMARK [2][-]{subsection.10.3}{\376\377\000T\000e\000m\000p\000e\000r\000a\000t\000u\000r\000e\000\040\000D\000e\000p\000e\000n\000d\000e\000n\000c\000e\000\040\000o\000f\000\040\000G\000L}{section.10}% 57
\BOOKMARK [2][-]{subsection.10.4}{\376\377\000M\000a\000s\000s\000\040\000E\000n\000h\000a\000n\000c\000e\000m\000e\000n\000t\000\040\000Z}{section.10}% 58
\BOOKMARK [2][-]{subsection.10.5}{\376\377\000C\000r\000i\000t\000i\000c\000a\000l\000\040\000T\000e\000m\000p\000e\000r\000a\000t\000u\000r\000e\000\040\000T\000c\000\040\000\050\000M\000c\000M\000i\000l\000l\000a\000n\000\040\000F\000o\000r\000m\000u\000l\000a\000\051}{section.10}% 59
\BOOKMARK [1][-]{section.11}{\376\377\000O\000b\000s\000e\000r\000v\000a\000b\000l\000e\000\040\000Q\000u\000a\000n\000t\000i\000t\000i\000e\000s}{}% 60
\BOOKMARK [2][-]{subsection.11.1}{\376\377\000O\000p\000t\000i\000c\000a\000l\000\040\000C\000o\000n\000d\000u\000c\000t\000i\000v\000i\000t\000y}{section.11}% 61
\BOOKMARK [2][-]{subsection.11.2}{\376\377\000Q\000u\000a\000s\000i\000p\000a\000r\000t\000i\000c\000l\000e\000\040\000D\000O\000S}{section.11}% 62
\BOOKMARK [2][-]{subsection.11.3}{\376\377\000G\000a\000p\000\040\000D\000y\000n\000a\000m\000i\000c\000s\000\040\000\050\000P\000u\000m\000p\000-\000P\000r\000o\000b\000e\000\051}{section.11}% 63
\BOOKMARK [1][-]{section.12}{\376\377\000S\000u\000m\000m\000a\000r\000y\000\040\000o\000f\000\040\000K\000e\000y\000\040\000R\000e\000s\000u\000l\000t\000s}{}% 64
\BOOKMARK [2][-]{subsection.12.1}{\376\377\000D\000i\000a\000g\000r\000a\000m\000m\000a\000t\000i\000c\000\040\000S\000e\000l\000f\000-\000E\000n\000e\000r\000g\000y}{section.12}% 65
\BOOKMARK [2][-]{subsection.12.2}{\376\377\000Q\000u\000a\000s\000i\000c\000l\000a\000s\000s\000i\000c\000a\000l\000\040\000F\000o\000r\000m}{section.12}% 66
\BOOKMARK [2][-]{subsection.12.3}{\376\377\000A\000c\000o\000u\000s\000t\000i\000c\000\040\000P\000h\000o\000n\000o\000n\000s\000\040\000\050\000D\000e\000b\000y\000e\000\051}{section.12}% 67
\BOOKMARK [2][-]{subsection.12.4}{\376\377\000O\000p\000t\000i\000c\000a\000l\000\040\000P\000h\000o\000n\000o\000n\000s\000\040\000\050\000E\000i\000n\000s\000t\000e\000i\000n\000\051}{section.12}% 68
\BOOKMARK [2][-]{subsection.12.5}{\376\377\000T\000D\000G\000L\000\040\000P\000a\000r\000a\000m\000e\000t\000e\000r\000s}{section.12}% 69
\BOOKMARK [1][-]{section.13}{\376\377\000C\000o\000n\000c\000l\000u\000s\000i\000o\000n}{}% 70
